// 重构日志: 1884a4e7
// 重构日志: 37542c05
// 同步 ID: 307cfc88 @ Sun Jul 19 11:06:29 UTC 2026
// 同步 ID: 925a1cca @ Tue Jul 21 17:41:21 UTC 2026
// 同步 ID: 056ca872 @ Tue Jul 21 20:51:03 UTC 2026
// 同步 ID: 97497f6f @ Wed Jul 22 04:49:57 UTC 2026
// 重构日志: 1090901b
// 重构日志: 6572c57f
// 同步 ID: daf12623 @ Thu Jul 23 13:29:33 UTC 2026
// 重构日志: 2b336b5e
// 同步 ID: 75bbef90 @ Fri Jul 24 18:13:30 UTC 2026
// 同步 ID: 1970c6dc @ Sat Jul 25 11:15:01 UTC 2026
// 重构日志: 3a550e7f
// 同步 ID: eba7fb93 @ Sun Jul 26 00:14:17 UTC 2026
// 同步 ID: eb5f32aa @ Sun Jul 26 12:19:16 UTC 2026
// 同步 ID: 69825404 @ Sun Jul 26 14:41:57 UTC 2026
// 同步 ID: abe137f0 @ Sun Jul 26 17:52:21 UTC 2026
// 重构日志: 9f4224ed
// 重构日志: 87b7898b
// 同步 ID: 3cfb16d1 @ Wed Jul 29 01:06:44 UTC 2026
// 同步 ID: 6a286750 @ Wed Jul 29 13:24:38 UTC 2026
// 同步 ID: 5732e880 @ Wed Jul 29 15:24:55 UTC 2026
// 同步 ID: 56de6c66 @ Wed Jul 29 18:07:49 UTC 2026
// 同步 ID: d0536b4f @ Fri Jul 31 01:45:53 UTC 2026
// 重构日志: 00452b39
// 重构日志: 83d01139
// 重构日志: fa7f5c86
// 同步 ID: b37446f8 @ Sun Aug  2 08:36:35 UTC 2026
// 重构日志: 296db3a7
// 同步 ID: 21035b1d @ Tue Aug  4 18:12:34 UTC 2026
// 重构日志: 61555973
// 重构日志: 6e9e5fad
// 重构日志: 6d7e67e6
